---
source: src/parser.rs
expression: program.nodes
---
- Expression:
    If:
      condition:
        BinaryExp:
          operator: Lt
          lhs:
            Identifier: x
          rhs:
            Identifier: y
      consequence:
        - Expression:
            Identifier: x
      alternative:
        - Expression:
            Identifier: y
- Expression:
    If:
      condition:
        BinaryExp:
          operator: Lt
          lhs:
            Identifier: x
          rhs:
            Identifier: y
      consequence:
        - Return:
            Identifier: x
      alternative:
        - Return:
            Identifier: y
- Expression:
    If:
      condition:
        BinaryExp:
          operator: Lt
          lhs:
            Identifier: x
          rhs:
            Identifier: y
      consequence:
        - Expression:
            BinaryExp:
              operator: Eq
              lhs:
                Identifier: x
              rhs:
                Literal:
                  Int: 3
      alternative:
        - Expression:
            BinaryExp:
              operator: NotEq
              lhs:
                Identifier: x
              rhs:
                Literal:
                  Int: 1

