---
source: src/parser.rs
expression: program.nodes
---
- Expression:
    If:
      condition:
        BinaryExp:
          operator: Lt
          lhs:
            Identifier: x
          rhs:
            Identifier: y
      consequence:
        - Return:
            Identifier: x
      alternative: ~

