---
source: src/parser.rs
expression: program.nodes
---
- Expression:
    BinaryExp:
      operator: Add
      lhs:
        Literal:
          Int: 5
      rhs:
        Literal:
          Int: 5
- Expression:
    BinaryExp:
      operator: Sub
      lhs:
        Literal:
          Int: 5
      rhs:
        Literal:
          Int: 5
- Expression:
    BinaryExp:
      operator: Mul
      lhs:
        Literal:
          Int: 5
      rhs:
        Literal:
          Int: 5
- Expression:
    BinaryExp:
      operator: Div
      lhs:
        Literal:
          Int: 5
      rhs:
        Literal:
          Int: 5
- Expression:
    BinaryExp:
      operator: Gt
      lhs:
        Literal:
          Int: 5
      rhs:
        Literal:
          Int: 5
- Expression:
    BinaryExp:
      operator: Lt
      lhs:
        Literal:
          Int: 5
      rhs:
        Literal:
          Int: 5
- Expression:
    BinaryExp:
      operator: Eq
      lhs:
        Literal:
          Int: 5
      rhs:
        Literal:
          Int: 5
- Expression:
    BinaryExp:
      operator: NotEq
      lhs:
        Literal:
          Int: 5
      rhs:
        Literal:
          Int: 5

