---
source: src/parser.rs
expression: program.nodes
---
- Expression:
    UnaryExpression:
      value:
        Literal:
          Int: 1
      operator: Oposite
- Expression:
    UnaryExpression:
      value:
        Literal:
          Int: 5
      operator: Not
- Expression:
    UnaryExpression:
      value:
        UnaryExpression:
          value:
            UnaryExpression:
              value:
                Literal:
                  Int: 2
              operator: Oposite
          operator: Not
      operator: Not

